11/15/2023 09:00:01 - Process(12345.1) User(mqm) Program(amqrmppa)
                      Host(BANK-MQ-PRD01) Installation(Installation1)
                      VRMF(9.2.4.0) QMgr(QM.BANK01)
                      AMQ5703I: IBM MQ 佇列管理員 QM.BANK01 啟動正常 (台灣銀行跨行清算節點)
11/15/2023 09:00:05 - Process(12346.1) User(mqm) Program(amqrmppa)
                      Host(BANK-MQ-PRD01) QMgr(QM.BANK01)
                      AMQ9999I: Channel TO.FISC.CLEARING 已啟動, 遠端主機: 192.168.100.10(1414) [財金資訊 FISC 清算主機]
11/15/2023 09:00:08 - Process(12347.1) User(mqm) Program(amqrmppa)
                      Host(BANK-MQ-PRD01) QMgr(QM.BANK01)
                      AMQ9999I: Channel TO.SWIFT started, remote host: 10.20.30.40(1414)
11/15/2023 09:15:22 - Process(12350.1) User(mqm) Program(amqrmppa)
                      Host(BANK-MQ-PRD01) QMgr(QM.BANK01)
                      AMQ9999I: Channel FROM.ATM.NET started, queue depth: 0 [國內 ATM 提款/轉帳訊息通道]
11/15/2023 09:30:01 - Process(12355.1) User(mqm) Program(amqrmppa)
                      Host(BANK-MQ-PRD01) QMgr(QM.BANK01)
                      AMQ9208E: Error on receive from host '192.168.100.10 (192.168.100.10)'.
EXPLANATION:
An error occurred receiving data from '192.168.100.10 (192.168.100.10)' over TCP/IP.
The connection to the remote host was unexpectedly terminated.
Record the TCP/IP error code 10054 (X'2746').
ACTION:
Look at previous error messages for the channel in the error logs to determine
the cause of the failure. Note that it is normal for a channel to receive this
error when the remote end is closed normally.
11/15/2023 09:30:02 - Process(12355.1) User(mqm) Program(amqrmppa)
                      Host(BANK-MQ-PRD01) QMgr(QM.BANK01)
                      AMQ9999E: Channel TO.FISC.CLEARING stopped due to error [財金 FISC 清算通道中斷]
11/15/2023 09:30:03 - Process(12356.1) User(mqm) Program(amqrmppa)
                      Host(BANK-MQ-PRD01) QMgr(QM.BANK01)
                      AMQ9264E: Channel TO.FISC.CLEARING attempting reconnect (attempt 1) to 192.168.100.10(1414)
11/15/2023 09:30:33 - Process(12356.1) User(mqm) Program(amqrmppa)
                      Host(BANK-MQ-PRD01) QMgr(QM.BANK01)
                      AMQ9208E: Error on receive from host '192.168.100.10 (192.168.100.10)'.
EXPLANATION:
TCP/IP error code 10054 (X'2746'). Connection reset by peer.
11/15/2023 09:31:03 - Process(12357.1) User(mqm) Program(amqrmppa)
                      Host(BANK-MQ-PRD01) QMgr(QM.BANK01)
                      AMQ9264E: Channel TO.FISC.CLEARING attempting reconnect (attempt 2) to 192.168.100.10(1414)
11/15/2023 09:31:33 - Process(12357.1) User(mqm) Program(amqrmppa)
                      Host(BANK-MQ-PRD01) QMgr(QM.BANK01)
                      AMQ9208E: TCP/IP error 10054 received again, remote peer still refusing connection
11/15/2023 09:32:03 - Process(12358.1) User(mqm) Program(amqrmppa)
                      Host(BANK-MQ-PRD01) QMgr(QM.BANK01)
                      AMQ9264E: Channel TO.FISC.CLEARING attempting reconnect (attempt 3), backing off for 60 seconds
11/15/2023 09:33:03 - Process(12359.1) User(mqm) Program(amqrmppa)
                      Host(BANK-MQ-PRD01) QMgr(QM.BANK01)
                      AMQ9999I: Channel TO.FISC.CLEARING 重新連線成功 (第 3 次嘗試), 積壓 TWD 跨行轉帳訊息: 1,247 筆
11/15/2023 09:33:05 - Process(12360.1) User(mqm) Program(amqrmppa)
                      Host(BANK-MQ-PRD01) QMgr(QM.BANK01)
                      AMQ9999I: 清空積壓訊息佇列 BANK.FISC.CLEARING.OUT, 目前深度: 1,247 (TWD 跨行清算訊息)
11/15/2023 09:40:15 - Process(12370.1) User(mqm) Program(amqrmppa)
                      Host(BANK-MQ-PRD01) QMgr(QM.BANK01)
                      AMQ9999I: 積壓清空完成, 耗時 7m10s, 已傳送 TWD 跨行轉帳訊息: 1,247 筆
11/15/2023 10:15:44 - Process(12380.1) User(mqm) Program(amqrmppa)
                      Host(BANK-MQ-PRD01) QMgr(QM.BANK01)
                      AMQ9208E: Error on receive from host '192.168.100.10 (192.168.100.10)'.
EXPLANATION: TCP/IP error code 10054. Second disconnection event.
11/15/2023 10:15:45 - Process(12381.1) User(mqm) Program(amqrmppa)
                      Host(BANK-MQ-PRD01) QMgr(QM.BANK01)
                      AMQ9999E: Channel TO.FISC.CLEARING 再次中斷 (第二次), 積壓訊息: 342 筆 TWD 跨行清算
11/15/2023 10:15:48 - Process(12382.1) User(mqm) Program(amqrmppa)
                      Host(BANK-MQ-PRD01) QMgr(QM.BANK01)
                      AMQ9264E: Channel TO.FISC.CLEARING auto-reconnecting (attempt 1), waiting for remote listener
11/15/2023 10:16:18 - Process(12383.1) User(mqm) Program(amqrmppa)
                      Host(BANK-MQ-PRD01) QMgr(QM.BANK01)
                      AMQ9999I: Channel TO.FISC.CLEARING 重新連線成功, 積壓訊息已傳送完畢
11/15/2023 10:45:00 - Process(12390.1) User(mqm) Program(amqrmppa)
                      Host(BANK-MQ-PRD01) QMgr(QM.BANK01)
                      AMQ8099I: KeepAlive parameters applied to channel TO.FISC.CLEARING: HBINT(30) KAINT(30)
11/15/2023 10:45:05 - Process(12391.1) User(mqm) Program(amqrmppa)
                      Host(BANK-MQ-PRD01) QMgr(QM.BANK01)
                      AMQ5703I: Channel TO.FISC.CLEARING KeepAlive 參數已更新
11/15/2023 11:00:01 - Process(12395.1) User(mqm) Program(amqrmppa)
                      Host(BANK-MQ-PRD01) QMgr(QM.BANK01)
                      AMQ9999I: Channel TO.FISC.CLEARING running normally, HBINT heartbeat responding
11/15/2023 11:30:00 - Process(12400.1) User(mqm) Program(amqrmppa)
                      Host(BANK-MQ-PRD01) QMgr(QM.BANK01)
                      AMQ9999I: 通道狀態報告: TO.FISC.CLEARING 正常, queue depth: 0, TWD 跨行清算訊息速率: 32/s
11/15/2023 12:00:00 - Process(12410.1) User(mqm) Program(amqrmppa)
                      Host(BANK-MQ-PRD01) QMgr(QM.BANK01)
                      AMQ9999I: 通道狀態報告: TO.FISC.CLEARING 穩定 (自 10:45), 今日累計傳送 TWD 清算訊息: 18,450 筆
11/15/2023 13:00:00 - Process(12420.1) User(mqm) Program(amqrmppa)
                      Host(BANK-MQ-PRD01) QMgr(QM.BANK01)
                      AMQ9999I: Channel TO.SWIFT running normally, 外幣電匯訊息速率: 5/s
11/15/2023 13:30:01 - Process(12425.1) User(mqm) Program(amqrmppa)
                      Host(BANK-MQ-PRD01) QMgr(QM.BANK01)
                      AMQ9999I: Channel FROM.ATM.NET running normally, 國內 ATM 提款/轉帳訊息: 2,341 筆 (TWD)
11/15/2023 14:00:00 - Process(12430.1) User(mqm) Program(amqrmppa)
                      Host(BANK-MQ-PRD01) QMgr(QM.BANK01)
                      AMQ9999I: 當日匯總: QM.BANK01 今日傳送訊息總計 84,231 筆 (含 TWD 跨行清算及 ATM 交易), 無訊息遺失
11/15/2023 14:00:02 - Process(12431.1) User(mqm) Program(amqrmppa)
                      Host(BANK-MQ-PRD01) QMgr(QM.BANK01)
                      AMQ9999I: 建議維護時窗: 今日 23:00 後調整 MAXDEPTH 及 HBINT 參數 (避開財金 FISC 夜間批次時段)
