[11/15/23 08:01:03:112 CST] 00000021 SystemOut     O [INFO ] BankApp - 核心轉帳服務已啟動 (TW Core Transfer Service), JVM Heap: 512m / MaxHeap: 2048m
[11/15/23 08:01:05:334 CST] 00000023 SystemOut     O [INFO ] TransferSvc - Initializing connection pool, DB2 JDBC pool size: 30
[11/15/23 08:01:08:551 CST] 00000025 SystemOut     O [INFO ] MQConnector - Connected to QM.BANK01, Channel: TO.CORE
[11/15/23 08:15:22:004 CST] 00000031 SystemOut     O [INFO ] TransferSvc - 跨行匯款結算批次啟動, batch ID: BATCH-20231115-001, 預計處理筆數: 48,200 筆, 幣別: TWD
[11/15/23 08:15:23:117 CST] 00000032 SystemOut     O [INFO ] TransferSvc - Processed 1,000 records (TWD), heap utilization 18%
[11/15/23 08:16:01:889 CST] 00000034 SystemOut     O [INFO ] TransferSvc - Processed 5,000 records (TWD), heap utilization 34%
[11/15/23 08:17:44:201 CST] 00000038 SystemOut     O [INFO ] TransferSvc - Processed 12,000 records (TWD), heap utilization 61%
[11/15/23 08:18:30:005 CST] 00000041 SystemOut     O [WARN ] GCMonitor   - Full GC triggered, elapsed 2341 ms, Heap after: 1743m / 2048m
[11/15/23 08:18:31:112 CST] 00000042 SystemOut     O [WARN ] GCMonitor   - Full GC duration abnormal, recommend checking HeapDumpOnOutOfMemoryError setting
[11/15/23 08:18:45:332 CST] 00000043 SystemOut     O [INFO ] TransferSvc - Processed 15,000 records (TWD), heap utilization 85%
[11/15/23 08:19:01:004 CST] 00000044 SystemOut     O [WARN ] GCMonitor   - Full GC #2, elapsed 3887 ms, Heap after: 1912m / 2048m
[11/15/23 08:19:15:228 CST] 00000045 SystemOut     O [WARN ] TransferSvc - WebContainer thread queue depth: 128 (limit: 100)
[11/15/23 08:19:22:114 CST] 00000046 SystemErr     R Exception in thread "WebContainer : 3" java.lang.OutOfMemoryError: Java heap space
    at java.util.Arrays.copyOf(Arrays.java:3332)
    at java.io.ByteArrayOutputStream.write(ByteArrayOutputStream.java:167)
    at com.bank.transfer.core.BatchSerializer.serialize(BatchSerializer.java:89)
    at com.ibm.ws.webcontainer.srt.impl.HttpInputStream.read(HttpInputStream.java:214)
[11/15/23 08:19:22:119 CST] 00000047 SystemErr     R Exception in thread "WebContainer : 5" java.lang.OutOfMemoryError: Java heap space
    at java.util.HashMap.resize(HashMap.java:704)
    at com.bank.transfer.cache.TransactionCache.put(TransactionCache.java:55)
[11/15/23 08:19:22:334 CST] 00000048 SystemErr     R Exception in thread "WebContainer : 7" java.lang.OutOfMemoryError: Java heap space
    at com.bank.transfer.report.ReportBuilder.buildSummary(ReportBuilder.java:210)
[11/15/23 08:19:23:001 CST] 00000049 SystemOut     O [ERROR] TransferSvc - 批次處理中斷, 已完成: 15,842 / 48,200 筆 (TWD 匯款), 未完成筆數已回滾
[11/15/23 08:19:23:112 CST] 00000050 SystemOut     O [ERROR] WASRuntime  - JVM Heap exhausted, initiating automatic HeapDump, path: /opt/IBM/WebSphere/logs/heapdump.20231115.081923.phd
[11/15/23 08:19:24:005 CST] 00000051 SystemOut     O [ERROR] WASRuntime  - WebContainer thread pool fully blocked, rejecting new inbound requests
[11/15/23 08:19:25:331 CST] 00000052 SystemOut     O [ERROR] TransferSvc - DB2 connection timeout, SQLCODE=-30081, TCP connection closed by remote host
[11/15/23 08:19:26:004 CST] 00000053 SystemOut     O [ERROR] MQConnector - MQ send queue BANK.TRANSFER.TWD.OUT suspended, reason: JVM out of memory
[11/15/23 08:19:27:115 CST] 00000054 SystemOut     O [WARN ] WASRuntime  - Attempting forced Full GC to reclaim memory
[11/15/23 08:19:31:887 CST] 00000055 SystemOut     O [ERROR] WASRuntime  - Heap still at 2041m / 2048m after Full GC, cannot continue
[11/15/23 08:19:33:001 CST] 00000056 SystemOut     O [FATAL] WASRuntime  - server1 shutting down, all active transactions forcibly rolled back
[11/15/23 08:19:34:220 CST] 00000057 SystemOut     O [INFO ] WASRuntime  - Monitoring system notified (SNMP Trap sent to 10.1.1.50:162)
[11/15/23 08:19:35:004 CST] 00000058 SystemOut     O [INFO ] WASRuntime  - server1 shutdown complete, uptime: 18m32s
[11/15/23 08:22:01:112 CST] 00000060 SystemOut     O [INFO ] WASRuntime  - server1 auto-restart initiated by HA manager
[11/15/23 08:22:15:334 CST] 00000062 SystemOut     O [INFO ] WASRuntime  - JVM re-initialized, Heap: 512m / MaxHeap: 2048m (settings unchanged)
[11/15/23 08:22:30:005 CST] 00000064 SystemOut     O [WARN ] TransferSvc - 跨行匯款結算批次 BATCH-20231115-001 已重新排程, 重試時間: 08:25
[11/15/23 08:22:31:119 CST] 00000065 SystemOut     O [INFO ] DBPool      - DB2 connection pool rebuilt successfully, active: 0 / 30
[11/15/23 08:22:33:004 CST] 00000066 SystemOut     O [INFO ] MQConnector - MQ channel TO.CORE re-established, queue depth: 0
[11/15/23 08:22:35:117 CST] 00000067 SystemOut     O [INFO ] TransferSvc - 偵測到未完成批次, 觸發補償交易, 回滾 TWD 匯款: 15,842 筆
[11/15/23 08:22:45:224 CST] 00000068 SystemOut     O [INFO ] AuditSvc    - Event logged: OOM_CRASH, batch ID: BATCH-20231115-001, affected accounts: 8,271, currency: TWD
[11/15/23 08:25:00:001 CST] 00000070 SystemOut     O [INFO ] TransferSvc - 跨行匯款結算批次以分批模式重啟, chunk size: 3,000 筆/批
[11/15/23 08:25:01:334 CST] 00000071 SystemOut     O [INFO ] TransferSvc - Chunk 1/17 in progress, heap utilization 11%
[11/15/23 08:26:12:005 CST] 00000073 SystemOut     O [INFO ] TransferSvc - Chunk 2/17 complete, processed: 6,000 records (TWD)
[11/15/23 08:27:33:221 CST] 00000075 SystemOut     O [INFO ] TransferSvc - Chunk 3/17 complete, processed: 9,000 records (TWD)
[11/15/23 08:28:55:004 CST] 00000077 SystemOut     O [INFO ] TransferSvc - Chunk 4/17 complete, processed: 12,000 records (TWD), heap utilization 33%
[11/15/23 08:30:11:334 CST] 00000079 SystemOut     O [INFO ] TransferSvc - Chunk 5/17 complete, processed: 15,000 records (TWD)
[11/15/23 08:31:44:115 CST] 00000081 SystemOut     O [INFO ] GCMonitor   - GC status normal, average duration: 120 ms
[11/15/23 08:35:20:004 CST] 00000085 SystemOut     O [INFO ] TransferSvc - Chunk 8/17 complete, processed: 24,000 records (TWD), heap utilization 38%
[11/15/23 08:40:15:112 CST] 00000090 SystemOut     O [INFO ] TransferSvc - Chunk 12/17 complete, processed: 36,000 records (TWD)
[11/15/23 08:44:55:334 CST] 00000095 SystemOut     O [INFO ] TransferSvc - Chunk 15/17 complete, processed: 45,000 records (TWD), heap utilization 42%
[11/15/23 08:47:01:005 CST] 00000098 SystemOut     O [INFO ] TransferSvc - Chunk 16/17 complete, processed: 48,000 records (TWD)
[11/15/23 08:48:22:114 CST] 00000099 SystemOut     O [INFO ] TransferSvc - Chunk 17/17 complete, 跨行匯款結算批次 BATCH-20231115-001 全部處理完畢: 48,200 筆 TWD
[11/15/23 08:48:23:005 CST] 00000100 SystemOut     O [INFO ] AuditSvc    - Event logged: BATCH_COMPLETE, batch ID: BATCH-20231115-001, elapsed: 23m23s (含重試), currency: TWD
[11/15/23 08:48:24:221 CST] 00000101 SystemOut     O [INFO ] WASRuntime  - server1 running normally, heap utilization: 42%, thread queue: 0
[11/15/23 08:48:25:334 CST] 00000102 SystemOut     O [INFO ] TransferSvc - 下一批跨行匯款結算排程: 11/15/23 14:00:00 CST (財金 FISC 截止時間前完成)
